MPLINK 5.09, LINKER
Linker Map File - Created Sun Jul 10 23:23:27 2022

                                 Section Info
                  Section       Type    Address   Location Size(Bytes)
                ---------  ---------  ---------  ---------  ---------
               rst_vector       code   0x000000    program   0x000006
                      irq       code   0x000004    program   0x000110
                   .cinit    romdata   0x00008c    program   0x000004
                    .code       code   0x00008e    program   0x000058
.config_2007_BUILD/DEFAULT/PRODUCTION/MAIN.O       code   0x002007    program   0x000002
.config_2008_BUILD/DEFAULT/PRODUCTION/MAIN.O       code   0x002008    program   0x000002
                   .udata      udata   0x000020       data   0x000007
               .udata_shr      udata   0x000070       data   0x000007



                              Program Memory Usage 
                               Start         End      
                           ---------   ---------      
                            0x000000    0x000002      
                            0x000004    0x0000b9      
                            0x002007    0x002008      
            187 out of 8455 program addresses used, program memory utilization is 2%



                              Symbols - Sorted by Name
                     Name    Address   Location    Storage File                     
                ---------  ---------  ---------  --------- ---------                
               button_end   0x00002a    program     static C:\Users\Lori\Documents\MaterialeUniversità\SistemiElettronici\Codici\sistemi_elettronici\esame_sistemi\progetto_esame.X\main.asm
                 go_sleep   0x0000b1    program     static C:\Users\Lori\Documents\MaterialeUniversità\SistemiElettronici\Codici\sistemi_elettronici\esame_sistemi\progetto_esame.X\main.asm
                   initHw   0x00005d    program     static C:\Users\Lori\Documents\MaterialeUniversità\SistemiElettronici\Codici\sistemi_elettronici\esame_sistemi\progetto_esame.X\main.asm
                  irq_end   0x00003f    program     static C:\Users\Lori\Documents\MaterialeUniversità\SistemiElettronici\Codici\sistemi_elettronici\esame_sistemi\progetto_esame.X\main.asm
                main_loop   0x0000ac    program     static C:\Users\Lori\Documents\MaterialeUniversità\SistemiElettronici\Codici\sistemi_elettronici\esame_sistemi\progetto_esame.X\main.asm
              reload_tmr1   0x000050    program     static C:\Users\Lori\Documents\MaterialeUniversità\SistemiElettronici\Codici\sistemi_elettronici\esame_sistemi\progetto_esame.X\main.asm
                    start   0x00008e    program     static C:\Users\Lori\Documents\MaterialeUniversità\SistemiElettronici\Codici\sistemi_elettronici\esame_sistemi\progetto_esame.X\main.asm
              start_timer   0x000046    program     static C:\Users\Lori\Documents\MaterialeUniversità\SistemiElettronici\Codici\sistemi_elettronici\esame_sistemi\progetto_esame.X\main.asm
              test_button   0x000012    program     static C:\Users\Lori\Documents\MaterialeUniversità\SistemiElettronici\Codici\sistemi_elettronici\esame_sistemi\progetto_esame.X\main.asm
              test_timer0   0x000009    program     static C:\Users\Lori\Documents\MaterialeUniversità\SistemiElettronici\Codici\sistemi_elettronici\esame_sistemi\progetto_esame.X\main.asm
              test_timer1   0x00002f    program     static C:\Users\Lori\Documents\MaterialeUniversità\SistemiElettronici\Codici\sistemi_elettronici\esame_sistemi\progetto_esame.X\main.asm
               test_usart   0x00003f    program     static C:\Users\Lori\Documents\MaterialeUniversità\SistemiElettronici\Codici\sistemi_elettronici\esame_sistemi\progetto_esame.X\main.asm
               toggle_led   0x00004c    program     static C:\Users\Lori\Documents\MaterialeUniversità\SistemiElettronici\Codici\sistemi_elettronici\esame_sistemi\progetto_esame.X\main.asm
               wait_sleep   0x0000ac    program     static C:\Users\Lori\Documents\MaterialeUniversità\SistemiElettronici\Codici\sistemi_elettronici\esame_sistemi\progetto_esame.X\main.asm
                  wake_up   0x0000b5    program     static C:\Users\Lori\Documents\MaterialeUniversità\SistemiElettronici\Codici\sistemi_elettronici\esame_sistemi\progetto_esame.X\main.asm
              current_min   0x000071       data     static C:\Users\Lori\Documents\MaterialeUniversità\SistemiElettronici\Codici\sistemi_elettronici\esame_sistemi\progetto_esame.X\main.asm
              current_sec   0x000070       data     static C:\Users\Lori\Documents\MaterialeUniversità\SistemiElettronici\Codici\sistemi_elettronici\esame_sistemi\progetto_esame.X\main.asm
                    flags   0x000072       data     static C:\Users\Lori\Documents\MaterialeUniversità\SistemiElettronici\Codici\sistemi_elettronici\esame_sistemi\progetto_esame.X\main.asm
              pclath_temp   0x000075       data     static C:\Users\Lori\Documents\MaterialeUniversità\SistemiElettronici\Codici\sistemi_elettronici\esame_sistemi\progetto_esame.X\main.asm
               portb_prev   0x000076       data     static C:\Users\Lori\Documents\MaterialeUniversità\SistemiElettronici\Codici\sistemi_elettronici\esame_sistemi\progetto_esame.X\main.asm
                printBuff   0x000020       data     static C:\Users\Lori\Documents\MaterialeUniversità\SistemiElettronici\Codici\sistemi_elettronici\esame_sistemi\progetto_esame.X\main.asm
              status_temp   0x000074       data     static C:\Users\Lori\Documents\MaterialeUniversità\SistemiElettronici\Codici\sistemi_elettronici\esame_sistemi\progetto_esame.X\main.asm
                uartCount   0x000026       data     static C:\Users\Lori\Documents\MaterialeUniversità\SistemiElettronici\Codici\sistemi_elettronici\esame_sistemi\progetto_esame.X\main.asm
                   w_temp   0x000073       data     static C:\Users\Lori\Documents\MaterialeUniversità\SistemiElettronici\Codici\sistemi_elettronici\esame_sistemi\progetto_esame.X\main.asm



                              Symbols - Sorted by Address
                     Name    Address   Location    Storage File                     
                ---------  ---------  ---------  --------- ---------                
              test_timer0   0x000009    program     static C:\Users\Lori\Documents\MaterialeUniversità\SistemiElettronici\Codici\sistemi_elettronici\esame_sistemi\progetto_esame.X\main.asm
              test_button   0x000012    program     static C:\Users\Lori\Documents\MaterialeUniversità\SistemiElettronici\Codici\sistemi_elettronici\esame_sistemi\progetto_esame.X\main.asm
               button_end   0x00002a    program     static C:\Users\Lori\Documents\MaterialeUniversità\SistemiElettronici\Codici\sistemi_elettronici\esame_sistemi\progetto_esame.X\main.asm
              test_timer1   0x00002f    program     static C:\Users\Lori\Documents\MaterialeUniversità\SistemiElettronici\Codici\sistemi_elettronici\esame_sistemi\progetto_esame.X\main.asm
                  irq_end   0x00003f    program     static C:\Users\Lori\Documents\MaterialeUniversità\SistemiElettronici\Codici\sistemi_elettronici\esame_sistemi\progetto_esame.X\main.asm
               test_usart   0x00003f    program     static C:\Users\Lori\Documents\MaterialeUniversità\SistemiElettronici\Codici\sistemi_elettronici\esame_sistemi\progetto_esame.X\main.asm
              start_timer   0x000046    program     static C:\Users\Lori\Documents\MaterialeUniversità\SistemiElettronici\Codici\sistemi_elettronici\esame_sistemi\progetto_esame.X\main.asm
               toggle_led   0x00004c    program     static C:\Users\Lori\Documents\MaterialeUniversità\SistemiElettronici\Codici\sistemi_elettronici\esame_sistemi\progetto_esame.X\main.asm
              reload_tmr1   0x000050    program     static C:\Users\Lori\Documents\MaterialeUniversità\SistemiElettronici\Codici\sistemi_elettronici\esame_sistemi\progetto_esame.X\main.asm
                   initHw   0x00005d    program     static C:\Users\Lori\Documents\MaterialeUniversità\SistemiElettronici\Codici\sistemi_elettronici\esame_sistemi\progetto_esame.X\main.asm
                    start   0x00008e    program     static C:\Users\Lori\Documents\MaterialeUniversità\SistemiElettronici\Codici\sistemi_elettronici\esame_sistemi\progetto_esame.X\main.asm
                main_loop   0x0000ac    program     static C:\Users\Lori\Documents\MaterialeUniversità\SistemiElettronici\Codici\sistemi_elettronici\esame_sistemi\progetto_esame.X\main.asm
               wait_sleep   0x0000ac    program     static C:\Users\Lori\Documents\MaterialeUniversità\SistemiElettronici\Codici\sistemi_elettronici\esame_sistemi\progetto_esame.X\main.asm
                 go_sleep   0x0000b1    program     static C:\Users\Lori\Documents\MaterialeUniversità\SistemiElettronici\Codici\sistemi_elettronici\esame_sistemi\progetto_esame.X\main.asm
                  wake_up   0x0000b5    program     static C:\Users\Lori\Documents\MaterialeUniversità\SistemiElettronici\Codici\sistemi_elettronici\esame_sistemi\progetto_esame.X\main.asm
                printBuff   0x000020       data     static C:\Users\Lori\Documents\MaterialeUniversità\SistemiElettronici\Codici\sistemi_elettronici\esame_sistemi\progetto_esame.X\main.asm
                uartCount   0x000026       data     static C:\Users\Lori\Documents\MaterialeUniversità\SistemiElettronici\Codici\sistemi_elettronici\esame_sistemi\progetto_esame.X\main.asm
              current_sec   0x000070       data     static C:\Users\Lori\Documents\MaterialeUniversità\SistemiElettronici\Codici\sistemi_elettronici\esame_sistemi\progetto_esame.X\main.asm
              current_min   0x000071       data     static C:\Users\Lori\Documents\MaterialeUniversità\SistemiElettronici\Codici\sistemi_elettronici\esame_sistemi\progetto_esame.X\main.asm
                    flags   0x000072       data     static C:\Users\Lori\Documents\MaterialeUniversità\SistemiElettronici\Codici\sistemi_elettronici\esame_sistemi\progetto_esame.X\main.asm
                   w_temp   0x000073       data     static C:\Users\Lori\Documents\MaterialeUniversità\SistemiElettronici\Codici\sistemi_elettronici\esame_sistemi\progetto_esame.X\main.asm
              status_temp   0x000074       data     static C:\Users\Lori\Documents\MaterialeUniversità\SistemiElettronici\Codici\sistemi_elettronici\esame_sistemi\progetto_esame.X\main.asm
              pclath_temp   0x000075       data     static C:\Users\Lori\Documents\MaterialeUniversità\SistemiElettronici\Codici\sistemi_elettronici\esame_sistemi\progetto_esame.X\main.asm
               portb_prev   0x000076       data     static C:\Users\Lori\Documents\MaterialeUniversità\SistemiElettronici\Codici\sistemi_elettronici\esame_sistemi\progetto_esame.X\main.asm


