MPLINK 5.09, LINKER
Linker Map File - Created Mon Jul 11 11:08:30 2022

                                 Section Info
                  Section       Type    Address   Location Size(Bytes)
                ---------  ---------  ---------  ---------  ---------
               rst_vector       code   0x000000    program   0x000006
                      irq       code   0x000004    program   0x000092
                   .cinit    romdata   0x00004d    program   0x000004
                    .code       code   0x00004f    program   0x000108
.config_2007_BUILD/DEFAULT/PRODUCTION/MAIN.O       code   0x002007    program   0x000002
.config_2008_BUILD/DEFAULT/PRODUCTION/MAIN.O       code   0x002008    program   0x000002
                   .udata      udata   0x000020       data   0x000007
               .udata_shr      udata   0x000070       data   0x000007



                              Program Memory Usage 
                               Start         End      
                           ---------   ---------      
                            0x000000    0x000002      
                            0x000004    0x0000d2      
                            0x002007    0x002008      
            212 out of 8455 program addresses used, program memory utilization is 2%



                              Symbols - Sorted by Name
                     Name    Address   Location    Storage File                     
                ---------  ---------  ---------  --------- ---------                
               button_end   0x00002e    program     static C:\Users\Lori\Documents\MaterialeUniversità\SistemiElettronici\Codici\sistemi_elettronici\esame_sistemi\progetto_esame.X\interrupt.asm
            end_increment   0x0000d2    program     static C:\Users\Lori\Documents\MaterialeUniversità\SistemiElettronici\Codici\sistemi_elettronici\esame_sistemi\progetto_esame.X\functions.asm
                 go_sleep   0x00006f    program     static C:\Users\Lori\Documents\MaterialeUniversità\SistemiElettronici\Codici\sistemi_elettronici\esame_sistemi\progetto_esame.X\main.asm
     increment_cronometer   0x0000be    program     extern C:\Users\Lori\Documents\MaterialeUniversità\SistemiElettronici\Codici\sistemi_elettronici\esame_sistemi\progetto_esame.X\functions.asm
                   initHw   0x000078    program     static C:\Users\Lori\Documents\MaterialeUniversità\SistemiElettronici\Codici\sistemi_elettronici\esame_sistemi\progetto_esame.X\main.asm
                  irq_end   0x000046    program     static C:\Users\Lori\Documents\MaterialeUniversità\SistemiElettronici\Codici\sistemi_elettronici\esame_sistemi\progetto_esame.X\interrupt.asm
                main_loop   0x00006b    program     static C:\Users\Lori\Documents\MaterialeUniversità\SistemiElettronici\Codici\sistemi_elettronici\esame_sistemi\progetto_esame.X\main.asm
              reload_tmr1   0x0000b1    program     extern C:\Users\Lori\Documents\MaterialeUniversità\SistemiElettronici\Codici\sistemi_elettronici\esame_sistemi\progetto_esame.X\functions.asm
                    start   0x00004f    program     static C:\Users\Lori\Documents\MaterialeUniversità\SistemiElettronici\Codici\sistemi_elettronici\esame_sistemi\progetto_esame.X\main.asm
              start_timer   0x0000a7    program     extern C:\Users\Lori\Documents\MaterialeUniversità\SistemiElettronici\Codici\sistemi_elettronici\esame_sistemi\progetto_esame.X\functions.asm
              test_button   0x000012    program     static C:\Users\Lori\Documents\MaterialeUniversità\SistemiElettronici\Codici\sistemi_elettronici\esame_sistemi\progetto_esame.X\interrupt.asm
              test_timer0   0x000009    program     static C:\Users\Lori\Documents\MaterialeUniversità\SistemiElettronici\Codici\sistemi_elettronici\esame_sistemi\progetto_esame.X\interrupt.asm
              test_timer1   0x000033    program     static C:\Users\Lori\Documents\MaterialeUniversità\SistemiElettronici\Codici\sistemi_elettronici\esame_sistemi\progetto_esame.X\interrupt.asm
               test_usart   0x000046    program     static C:\Users\Lori\Documents\MaterialeUniversità\SistemiElettronici\Codici\sistemi_elettronici\esame_sistemi\progetto_esame.X\interrupt.asm
               toggle_led   0x0000ad    program     extern C:\Users\Lori\Documents\MaterialeUniversità\SistemiElettronici\Codici\sistemi_elettronici\esame_sistemi\progetto_esame.X\functions.asm
               wait_sleep   0x00006b    program     static C:\Users\Lori\Documents\MaterialeUniversità\SistemiElettronici\Codici\sistemi_elettronici\esame_sistemi\progetto_esame.X\main.asm
                  wake_up   0x000073    program     static C:\Users\Lori\Documents\MaterialeUniversità\SistemiElettronici\Codici\sistemi_elettronici\esame_sistemi\progetto_esame.X\main.asm
                 curr_min   0x000071       data     extern C:\Users\Lori\Documents\MaterialeUniversità\SistemiElettronici\Codici\sistemi_elettronici\esame_sistemi\progetto_esame.X\main.asm
                 curr_sec   0x000070       data     extern C:\Users\Lori\Documents\MaterialeUniversità\SistemiElettronici\Codici\sistemi_elettronici\esame_sistemi\progetto_esame.X\main.asm
                    flags   0x000072       data     extern C:\Users\Lori\Documents\MaterialeUniversità\SistemiElettronici\Codici\sistemi_elettronici\esame_sistemi\progetto_esame.X\main.asm
              pclath_temp   0x000076       data     static C:\Users\Lori\Documents\MaterialeUniversità\SistemiElettronici\Codici\sistemi_elettronici\esame_sistemi\progetto_esame.X\interrupt.asm
               portb_prev   0x000073       data     extern C:\Users\Lori\Documents\MaterialeUniversità\SistemiElettronici\Codici\sistemi_elettronici\esame_sistemi\progetto_esame.X\main.asm
                printBuff   0x000020       data     extern C:\Users\Lori\Documents\MaterialeUniversità\SistemiElettronici\Codici\sistemi_elettronici\esame_sistemi\progetto_esame.X\main.asm
              status_temp   0x000075       data     static C:\Users\Lori\Documents\MaterialeUniversità\SistemiElettronici\Codici\sistemi_elettronici\esame_sistemi\progetto_esame.X\interrupt.asm
                uartCount   0x000026       data     extern C:\Users\Lori\Documents\MaterialeUniversità\SistemiElettronici\Codici\sistemi_elettronici\esame_sistemi\progetto_esame.X\main.asm
                   w_temp   0x000074       data     static C:\Users\Lori\Documents\MaterialeUniversità\SistemiElettronici\Codici\sistemi_elettronici\esame_sistemi\progetto_esame.X\interrupt.asm



                              Symbols - Sorted by Address
                     Name    Address   Location    Storage File                     
                ---------  ---------  ---------  --------- ---------                
              test_timer0   0x000009    program     static C:\Users\Lori\Documents\MaterialeUniversità\SistemiElettronici\Codici\sistemi_elettronici\esame_sistemi\progetto_esame.X\interrupt.asm
              test_button   0x000012    program     static C:\Users\Lori\Documents\MaterialeUniversità\SistemiElettronici\Codici\sistemi_elettronici\esame_sistemi\progetto_esame.X\interrupt.asm
               button_end   0x00002e    program     static C:\Users\Lori\Documents\MaterialeUniversità\SistemiElettronici\Codici\sistemi_elettronici\esame_sistemi\progetto_esame.X\interrupt.asm
              test_timer1   0x000033    program     static C:\Users\Lori\Documents\MaterialeUniversità\SistemiElettronici\Codici\sistemi_elettronici\esame_sistemi\progetto_esame.X\interrupt.asm
               test_usart   0x000046    program     static C:\Users\Lori\Documents\MaterialeUniversità\SistemiElettronici\Codici\sistemi_elettronici\esame_sistemi\progetto_esame.X\interrupt.asm
                  irq_end   0x000046    program     static C:\Users\Lori\Documents\MaterialeUniversità\SistemiElettronici\Codici\sistemi_elettronici\esame_sistemi\progetto_esame.X\interrupt.asm
                    start   0x00004f    program     static C:\Users\Lori\Documents\MaterialeUniversità\SistemiElettronici\Codici\sistemi_elettronici\esame_sistemi\progetto_esame.X\main.asm
                main_loop   0x00006b    program     static C:\Users\Lori\Documents\MaterialeUniversità\SistemiElettronici\Codici\sistemi_elettronici\esame_sistemi\progetto_esame.X\main.asm
               wait_sleep   0x00006b    program     static C:\Users\Lori\Documents\MaterialeUniversità\SistemiElettronici\Codici\sistemi_elettronici\esame_sistemi\progetto_esame.X\main.asm
                 go_sleep   0x00006f    program     static C:\Users\Lori\Documents\MaterialeUniversità\SistemiElettronici\Codici\sistemi_elettronici\esame_sistemi\progetto_esame.X\main.asm
                  wake_up   0x000073    program     static C:\Users\Lori\Documents\MaterialeUniversità\SistemiElettronici\Codici\sistemi_elettronici\esame_sistemi\progetto_esame.X\main.asm
                   initHw   0x000078    program     static C:\Users\Lori\Documents\MaterialeUniversità\SistemiElettronici\Codici\sistemi_elettronici\esame_sistemi\progetto_esame.X\main.asm
              start_timer   0x0000a7    program     extern C:\Users\Lori\Documents\MaterialeUniversità\SistemiElettronici\Codici\sistemi_elettronici\esame_sistemi\progetto_esame.X\functions.asm
               toggle_led   0x0000ad    program     extern C:\Users\Lori\Documents\MaterialeUniversità\SistemiElettronici\Codici\sistemi_elettronici\esame_sistemi\progetto_esame.X\functions.asm
              reload_tmr1   0x0000b1    program     extern C:\Users\Lori\Documents\MaterialeUniversità\SistemiElettronici\Codici\sistemi_elettronici\esame_sistemi\progetto_esame.X\functions.asm
     increment_cronometer   0x0000be    program     extern C:\Users\Lori\Documents\MaterialeUniversità\SistemiElettronici\Codici\sistemi_elettronici\esame_sistemi\progetto_esame.X\functions.asm
            end_increment   0x0000d2    program     static C:\Users\Lori\Documents\MaterialeUniversità\SistemiElettronici\Codici\sistemi_elettronici\esame_sistemi\progetto_esame.X\functions.asm
                printBuff   0x000020       data     extern C:\Users\Lori\Documents\MaterialeUniversità\SistemiElettronici\Codici\sistemi_elettronici\esame_sistemi\progetto_esame.X\main.asm
                uartCount   0x000026       data     extern C:\Users\Lori\Documents\MaterialeUniversità\SistemiElettronici\Codici\sistemi_elettronici\esame_sistemi\progetto_esame.X\main.asm
                 curr_sec   0x000070       data     extern C:\Users\Lori\Documents\MaterialeUniversità\SistemiElettronici\Codici\sistemi_elettronici\esame_sistemi\progetto_esame.X\main.asm
                 curr_min   0x000071       data     extern C:\Users\Lori\Documents\MaterialeUniversità\SistemiElettronici\Codici\sistemi_elettronici\esame_sistemi\progetto_esame.X\main.asm
                    flags   0x000072       data     extern C:\Users\Lori\Documents\MaterialeUniversità\SistemiElettronici\Codici\sistemi_elettronici\esame_sistemi\progetto_esame.X\main.asm
               portb_prev   0x000073       data     extern C:\Users\Lori\Documents\MaterialeUniversità\SistemiElettronici\Codici\sistemi_elettronici\esame_sistemi\progetto_esame.X\main.asm
                   w_temp   0x000074       data     static C:\Users\Lori\Documents\MaterialeUniversità\SistemiElettronici\Codici\sistemi_elettronici\esame_sistemi\progetto_esame.X\interrupt.asm
              status_temp   0x000075       data     static C:\Users\Lori\Documents\MaterialeUniversità\SistemiElettronici\Codici\sistemi_elettronici\esame_sistemi\progetto_esame.X\interrupt.asm
              pclath_temp   0x000076       data     static C:\Users\Lori\Documents\MaterialeUniversità\SistemiElettronici\Codici\sistemi_elettronici\esame_sistemi\progetto_esame.X\interrupt.asm


